1 25544U 98067A   19311.39056523 +.00000757  00000 0  21099-4 0 0999            
2 25544  51.6451  11.2360 0005828 238.9618 210.3569 15.5025852619747            
